1980   1   1   0   0   0  Jan
1980   2   1   0   0   0  Feb
